// Jest Snapshot v1, https://goo.gl/fbAQLP

exports[`AddProperty matches snapshot 1`] = `
<DocumentFragment>
  <div
    class="add-property"
    title="add property"
  >
    <form
      class="add-property__form"
      name="add property"
    >
      <div
        class="textbox"
      >
        <label
          class="textbox__label"
          for="title"
        >
          title
        </label>
        <input
          id="title"
          maxlength="48"
          name="title"
          required=""
          type="text"
          value=""
        />
      </div>
      <label
        for="type"
      >
        type
        <select
          id="type"
          name="type"
          required=""
        >
          <option
            value="Bungalow"
          >
            Bungalow
          </option>
          <option
            value="Cottage"
          >
            Cottage
          </option>
          <option
            value="End of Terrace"
          >
            End of Terrace
          </option>
          <option
            value="Flat"
          >
            Flat
          </option>
          <option
            value="Semi-detached"
          >
            Semi-detached
          </option>
          <option
            value="Terraced"
          >
            Terraced
          </option>
          <option
            disabled=""
            value=""
          >
             
          </option>
        </select>
      </label>
      <label
        for="bedrooms"
      >
        bedrooms 
        <input
          id="bedrooms"
          min="0"
          name="bedrooms"
          required=""
          step="1"
          type="number"
          value=""
        />
      </label>
      <label
        for="bathrooms"
      >
        bathrooms 
        <input
          id="bathrooms"
          min="0"
          name="bathrooms"
          required=""
          step="1"
          type="number"
          value=""
        />
      </label>
      <label
        for="price"
      >
        price Â£
        <input
          id="price"
          min="0"
          name="price"
          required=""
          step="1"
          type="number"
          value=""
        />
      </label>
      <label
        for="city"
      >
        city
        <select
          id="city"
          name="city"
          required=""
        >
          <option
            value="Leeds"
          >
            Leeds
          </option>
          <option
            value="Liverpool"
          >
            Liverpool
          </option>
          <option
            value="Manchester"
          >
            Manchester
          </option>
          <option
            value="Sheffield"
          >
            Sheffield
          </option>
          <option
            disabled=""
            value=""
          >
             
          </option>
        </select>
      </label>
      <div
        class="textbox"
      >
        <label
          class="textbox__label"
          for="email"
        >
          email
        </label>
        <input
          id="email"
          maxlength="64"
          name="email"
          required=""
          type="email"
          value=""
        />
      </div>
      <button
        type="submit"
      >
        Add
      </button>
    </form>
  </div>
</DocumentFragment>
`;
